current directory: /Users/adamdomnie/dev/ReactNative/rnToDo/client/ios/vendor/bundle/ruby/3.4.0/gems/rbs-3.9.4/ext/rbs_extension
/usr/local/opt/ruby/bin/ruby extconf.rb
checking for whether -std=gnu99 is accepted as CFLAGS... yes
creating Makefile

current directory: /Users/adamdomnie/dev/ReactNative/rnToDo/client/ios/vendor/bundle/ruby/3.4.0/gems/rbs-3.9.4/ext/rbs_extension
make DESTDIR\= sitearchdir\=./.gem.20250904-91889-hvulq2 sitelibdir\=./.gem.20250904-91889-hvulq2 clean

current directory: /Users/adamdomnie/dev/ReactNative/rnToDo/client/ios/vendor/bundle/ruby/3.4.0/gems/rbs-3.9.4/ext/rbs_extension
make DESTDIR\= sitearchdir\=./.gem.20250904-91889-hvulq2 sitelibdir\=./.gem.20250904-91889-hvulq2
compiling ./../../src/constants.c
compiling ./../../src/ruby_objs.c
compiling ./../../src/util/rbs_constant_pool.c
compiling lexer.c
compiling lexstate.c
compiling location.c
compiling main.c
compiling parser.c
compiling parserstate.c
compiling unescape.c
linking shared-object rbs_extension.bundle
ld: warning: search path '/usr/local/Cellar/openssl@3/3.5.1/lib' not found
ld: warning: search path '/usr/local/Cellar/openssl@3/3.5.1/lib' not found

current directory: /Users/adamdomnie/dev/ReactNative/rnToDo/client/ios/vendor/bundle/ruby/3.4.0/gems/rbs-3.9.4/ext/rbs_extension
make DESTDIR\= sitearchdir\=./.gem.20250904-91889-hvulq2 sitelibdir\=./.gem.20250904-91889-hvulq2 install
/usr/bin/install -c -m 0755 rbs_extension.bundle ./.gem.20250904-91889-hvulq2

current directory: /Users/adamdomnie/dev/ReactNative/rnToDo/client/ios/vendor/bundle/ruby/3.4.0/gems/rbs-3.9.4/ext/rbs_extension
make DESTDIR\= sitearchdir\=./.gem.20250904-91889-hvulq2 sitelibdir\=./.gem.20250904-91889-hvulq2 clean
